8888 6.00
4444 4.00
3333 2.31
1111 -1.11
7777 -2.00
2222 -10.00
