4444
100000
16708.33
Ended a
6
6
3333
1000001
375031.25
Ended b
8
7
