6666
17
17.00
Ibiza
1414
230
99999
7500
65.48
London
372
101
