1
10
10.00
Location one
1
2
2
10
10.00
Location two
1
2
2
10
10.00
Location three
1
2
