2
4
2.50
Location one
4
5
1
4
2.50
Location two
4
5
