3
8
4.50
Location one
8
6
4
8
4.50
Location two
8
6
